<?xml version="1.0" encoding="UTF-8"?>
<TestRun id="62487186-e4de-4372-95be-55a23bf7cccd" name="Rich@RICH-PC 2013-01-23 22:48:00" runUser="Rich-PC\Rich" xmlns="http://microsoft.com/schemas/VisualStudio/TeamTest/2010">
  <TestSettings name="Default Test Settings" id="a1c7cdea-5ee2-4e07-9e64-fbf17782bb2d">
    <Deployment runDeploymentRoot="Rich_RICH-PC 2013-01-23 22_48_00">
      <DeploymentItem filename="c:\users\rich\documents\visual studio 2010\Projects\SubsonicMVC\SubsonicMVC\bin\SubsonicMVC.dll" />
    </Deployment>
    <Execution>
      <TestTypeSpecific />
      <AgentRule name="Execution Agents">
      </AgentRule>
    </Execution>
  </TestSettings>
  <Times creation="2013-01-23T22:48:00.4469959-06:00" queuing="2013-01-23T22:48:00.6096007-06:00" start="2013-01-23T22:48:00.6163759-06:00" finish="2013-01-23T22:48:00.9844951-06:00" />
  <ResultSummary outcome="Completed">
    <Counters total="1" executed="1" passed="1" error="0" failed="0" timeout="0" aborted="0" inconclusive="0" passedButRunAborted="0" notRunnable="0" notExecuted="0" disconnected="0" warning="0" completed="0" inProgress="0" pending="0" />
  </ResultSummary>
  <TestDefinitions>
    <UnitTest name="TestFolders" storage="c:\users\rich\documents\visual studio 2010\projects\subsonicmvc\subsonicmvc.tests\bin\debug\subsonicmvc.tests.dll" id="9e2f247f-4e6f-afb6-b85e-8437fe2c2962">
      <Execution id="0f0b15cb-20a3-4f01-a2bc-5300731d9bec" />
      <TestMethod codeBase="C:/Users/Rich/Documents/Visual Studio 2010/Projects/SubsonicMVC/SubsonicMVC.Tests/bin/Debug/SubsonicMVC.Tests.DLL" adapterTypeName="Microsoft.VisualStudio.TestTools.TestTypes.Unit.UnitTestAdapter, Microsoft.VisualStudio.QualityTools.Tips.UnitTest.Adapter, Version=10.0.0.0, Culture=neutral, PublicKeyToken=b03f5f7f11d50a3a" className="SubsonicMVC.Tests.Subsonic.SubsonicUnitTest, SubsonicMVC.Tests, Version=1.0.0.0, Culture=neutral, PublicKeyToken=null" name="TestFolders" />
    </UnitTest>
  </TestDefinitions>
  <TestLists>
    <TestList name="Results Not in a List" id="8c84fa94-04c1-424b-9868-57a2d4851a1d" />
    <TestList name="All Loaded Results" id="19431567-8539-422a-85d7-44ee4e166bda" />
  </TestLists>
  <TestEntries>
    <TestEntry testId="9e2f247f-4e6f-afb6-b85e-8437fe2c2962" executionId="0f0b15cb-20a3-4f01-a2bc-5300731d9bec" testListId="8c84fa94-04c1-424b-9868-57a2d4851a1d" />
  </TestEntries>
  <Results>
    <UnitTestResult executionId="0f0b15cb-20a3-4f01-a2bc-5300731d9bec" testId="9e2f247f-4e6f-afb6-b85e-8437fe2c2962" testName="TestFolders" computerName="RICH-PC" duration="00:00:00.1476038" startTime="2013-01-23T22:48:00.6208927-06:00" endTime="2013-01-23T22:48:00.9325519-06:00" testType="13cdc9d9-ddb5-4fa4-a97d-d965ccfc6d4b" outcome="Passed" testListId="8c84fa94-04c1-424b-9868-57a2d4851a1d" relativeResultsDirectory="0f0b15cb-20a3-4f01-a2bc-5300731d9bec">
    </UnitTestResult>
  </Results>
</TestRun>