<?xml version="1.0" encoding="UTF-8"?>
<TestRun id="15d9e1ec-a605-498e-94fc-4c4e4e6a83f5" name="Rich@RICH-PC 2013-01-22 22:20:51" runUser="Rich-PC\Rich" xmlns="http://microsoft.com/schemas/VisualStudio/TeamTest/2010">
  <TestSettings name="Default Test Settings" id="3524daff-d5a8-485b-8ec8-a7a6cb325bce">
    <Deployment userDeploymentRoot="C:\Users\Rich\Documents\Visual Studio 2010\Projects\SubsonicMVC\TestResults" useDefaultDeploymentRoot="false" runDeploymentRoot="Rich_RICH-PC 2013-01-22 22_20_51">
      <DeploymentItem filename="c:\users\rich\documents\visual studio 2010\Projects\SubsonicMVC\SubsonicMVC\bin\SubsonicMVC.dll" />
    </Deployment>
    <Execution>
      <TestTypeSpecific />
      <AgentRule name="Execution Agents">
      </AgentRule>
    </Execution>
  </TestSettings>
  <Times creation="2013-01-22T22:20:51.0178562-06:00" queuing="2013-01-22T22:20:51.1369968-06:00" start="2013-01-22T22:20:51.1418797-06:00" finish="2013-01-22T22:20:51.3801609-06:00" />
  <ResultSummary outcome="Failed">
    <Counters total="1" executed="1" error="0" failed="1" timeout="0" aborted="0" inconclusive="0" passedButRunAborted="0" notRunnable="0" notExecuted="0" disconnected="0" warning="0" passed="0" completed="0" inProgress="0" pending="0" />
  </ResultSummary>
  <TestDefinitions>
    <UnitTest name="TestDeserializeArtists" storage="c:\users\rich\documents\visual studio 2010\projects\subsonicmvc\subsonicmvc.tests\bin\debug\subsonicmvc.tests.dll" id="389ad898-20f2-9abe-f5bd-b436da476e35">
      <Execution id="661a3580-2ca3-41c7-8243-905cdcd4ad34" />
      <TestMethod codeBase="C:/Users/Rich/Documents/Visual Studio 2010/Projects/SubsonicMVC/SubsonicMVC.Tests/bin/Debug/SubsonicMVC.Tests.DLL" adapterTypeName="Microsoft.VisualStudio.TestTools.TestTypes.Unit.UnitTestAdapter, Microsoft.VisualStudio.QualityTools.Tips.UnitTest.Adapter, Version=10.0.0.0, Culture=neutral, PublicKeyToken=b03f5f7f11d50a3a" className="SubsonicMVC.Tests.Subsonic.SubsonicResponseSerializerUtilityTest, SubsonicMVC.Tests, Version=1.0.0.0, Culture=neutral, PublicKeyToken=null" name="TestDeserializeArtists" />
    </UnitTest>
  </TestDefinitions>
  <TestLists>
    <TestList name="Results Not in a List" id="8c84fa94-04c1-424b-9868-57a2d4851a1d" />
    <TestList name="All Loaded Results" id="19431567-8539-422a-85d7-44ee4e166bda" />
  </TestLists>
  <TestEntries>
    <TestEntry testId="389ad898-20f2-9abe-f5bd-b436da476e35" executionId="661a3580-2ca3-41c7-8243-905cdcd4ad34" testListId="8c84fa94-04c1-424b-9868-57a2d4851a1d" />
  </TestEntries>
  <Results>
    <UnitTestResult executionId="661a3580-2ca3-41c7-8243-905cdcd4ad34" testId="389ad898-20f2-9abe-f5bd-b436da476e35" testName="TestDeserializeArtists" computerName="RICH-PC" duration="00:00:00.1098216" startTime="2013-01-22T22:20:51.1467625-06:00" endTime="2013-01-22T22:20:51.3674656-06:00" testType="13cdc9d9-ddb5-4fa4-a97d-d965ccfc6d4b" outcome="Failed" testListId="8c84fa94-04c1-424b-9868-57a2d4851a1d" relativeResultsDirectory="661a3580-2ca3-41c7-8243-905cdcd4ad34">
      <Output>
        <ErrorInfo>
          <Message>Assert.IsTrue failed. </Message>
          <StackTrace>   at SubsonicMVC.Tests.Subsonic.SubsonicResponseSerializerUtilityTest.TestDeserializeArtists() in C:\Users\Rich\Documents\Visual Studio 2010\Projects\SubsonicMVC\SubsonicMVC.Tests\Subsonic\SubsonicResponseSerializerUtilityTest.cs:line 54
</StackTrace>
        </ErrorInfo>
      </Output>
    </UnitTestResult>
  </Results>
</TestRun>